2026-01-31 00:39:38,475 - INFO - Starting quick test script
2026-01-31 00:39:38,476 - INFO - Run directory: results\run_20260131_003938_09384add
2026-01-31 00:39:38,476 - INFO - Fetching auction details: https://www.k-bid.com/auction/62605
2026-01-31 00:39:39,926 - INFO -   Auction ID: 62605, Title: H2 Equipment - NEBRASKA Mini Skid Steer and Attachments-----Winchs,Carports,Shop Supplies,Meat Processing & Single Trip Container ------ No Reserves
2026-01-31 00:39:39,926 - INFO -   Scraping page 1: https://www.k-bid.com/auction/62605
2026-01-31 00:39:40,497 - INFO -   Found 200 potential item containers on page 1
2026-01-31 00:39:42,910 - INFO -   Reached max_items limit: 3
2026-01-31 00:39:42,910 - INFO - Saving 3 items to results\run_20260131_003938_09384add\test_kbid_5_items.csv...
2026-01-31 00:39:42,910 - INFO - Data saved to results\run_20260131_003938_09384add\test_kbid_5_items.csv
2026-01-31 00:39:42,910 - INFO - Quick test complete
2026-01-31 00:39:42,910 - INFO - Output CSV: results\run_20260131_003938_09384add\test_kbid_5_items.csv
2026-01-31 00:39:42,910 - INFO - Total items saved: 3
2026-01-31 00:39:42,910 - INFO - Run directory: results\run_20260131_003938_09384add
2026-01-31 00:42:20,042 - INFO - Starting quick test script
2026-01-31 00:42:20,042 - INFO - Run directory: results\run_20260131_004220_43a5bfa9
2026-01-31 00:42:20,042 - INFO - Fetching auction details: https://www.k-bid.com/auction/62605
2026-01-31 00:42:21,566 - INFO -   Auction ID: 62605, Title: H2 Equipment - NEBRASKA Mini Skid Steer and Attachments-----Winchs,Carports,Shop Supplies,Meat Processing & Single Trip Container ------ No Reserves
2026-01-31 00:42:21,566 - INFO -   Scraping page 1: https://www.k-bid.com/auction/62605
2026-01-31 00:42:22,304 - INFO -   Found 200 potential item containers on page 1
2026-01-31 00:42:24,695 - INFO -   Reached max_items limit: 3
2026-01-31 00:42:24,711 - INFO - Saving 3 items to results\run_20260131_004220_43a5bfa9\test_kbid_5_items.csv...
2026-01-31 00:42:24,711 - INFO - Data saved to results\run_20260131_004220_43a5bfa9\test_kbid_5_items.csv
2026-01-31 00:42:24,711 - INFO - Quick test complete
2026-01-31 00:42:24,711 - INFO - Output CSV: results\run_20260131_004220_43a5bfa9\test_kbid_5_items.csv
2026-01-31 00:42:24,711 - INFO - Total items saved: 3
2026-01-31 00:42:24,711 - INFO - Run directory: results\run_20260131_004220_43a5bfa9
2026-01-31 00:45:52,307 - INFO - Starting quick test script
2026-01-31 00:45:52,307 - INFO - Run directory: results\run_20260131_004552_f0ca56d2
2026-01-31 00:45:52,307 - INFO - No auction URL provided. Fetching listing pages to find the first auction...
2026-01-31 00:45:52,322 - INFO - Fetching auction list pages...
2026-01-31 00:45:54,798 - INFO - Found auction listing page 1
2026-01-31 00:45:57,547 - INFO - Found auction listing page 2
2026-01-31 00:45:59,769 - INFO - Found auction listing page 3
2026-01-31 00:45:59,769 - INFO - Total listing pages: 3
2026-01-31 00:45:59,769 - INFO - Extracting auctions from: https://www.k-bid.com/auction/list
2026-01-31 00:46:01,528 - INFO -   Found 50 unique auctions
2026-01-31 00:46:01,528 - INFO - Using first discovered auction: https://www.k-bid.com/auction/63039
2026-01-31 00:46:01,528 - INFO - Fetching auction details: https://www.k-bid.com/auction/63039
2026-01-31 00:46:02,435 - INFO -   Auction ID: 63039, Title: Mike's Auto Auction #153
2026-01-31 00:46:02,435 - INFO -   Scraping page 1: https://www.k-bid.com/auction/63039
2026-01-31 00:46:03,195 - INFO -   Found 64 potential item containers on page 1
2026-01-31 00:46:08,747 - INFO -   Reached max_items limit: 5
2026-01-31 00:46:08,747 - INFO - Saving 5 items to results\run_20260131_004552_f0ca56d2\test_kbid_5_items.csv...
2026-01-31 00:46:08,747 - INFO - Data saved to results\run_20260131_004552_f0ca56d2\test_kbid_5_items.csv
2026-01-31 00:46:08,747 - INFO - Quick test complete
2026-01-31 00:46:08,747 - INFO - Output CSV: results\run_20260131_004552_f0ca56d2\test_kbid_5_items.csv
2026-01-31 00:46:08,747 - INFO - Total items saved: 5
2026-01-31 00:46:08,747 - INFO - Run directory: results\run_20260131_004552_f0ca56d2
2026-01-31 00:47:59,082 - INFO - Starting quick test script
2026-01-31 00:47:59,098 - INFO - Run directory: results\run_20260131_004759_6831cadd
2026-01-31 00:47:59,098 - INFO - No auction URL provided. Fetching listing pages to find the first auction...
2026-01-31 00:47:59,098 - INFO - Fetching auction list pages...
2026-01-31 00:48:02,120 - INFO - Found auction listing page 1
2026-01-31 00:48:06,402 - INFO - Found auction listing page 2
2026-01-31 00:48:08,609 - INFO - Found auction listing page 3
2026-01-31 00:48:08,625 - INFO - Total listing pages: 3
2026-01-31 00:48:08,625 - INFO - Extracting auctions from: https://www.k-bid.com/auction/list
2026-01-31 00:48:10,545 - INFO -   Found 50 unique auctions
2026-01-31 00:48:10,545 - INFO - Using first discovered auction: https://www.k-bid.com/auction/63039
2026-01-31 00:48:10,545 - INFO - Fetching auction details: https://www.k-bid.com/auction/63039
2026-01-31 00:48:11,399 - INFO -   Auction ID: 63039, Title: Mike's Auto Auction #153
2026-01-31 00:48:11,399 - INFO -   Scraping page 1: https://www.k-bid.com/auction/63039
2026-01-31 00:48:11,781 - INFO -   Found 64 potential item containers on page 1
2026-01-31 00:48:17,411 - INFO -   Reached max_items limit: 5
2026-01-31 00:48:17,411 - INFO - Saving 5 items to results\run_20260131_004759_6831cadd\test_kbid_5_items.csv...
2026-01-31 00:48:17,411 - INFO - Data saved to results\run_20260131_004759_6831cadd\test_kbid_5_items.csv
2026-01-31 00:48:17,411 - INFO - Quick test complete
2026-01-31 00:48:17,411 - INFO - Output CSV: results\run_20260131_004759_6831cadd\test_kbid_5_items.csv
2026-01-31 00:48:17,411 - INFO - Total items saved: 5
2026-01-31 00:48:17,411 - INFO - Run directory: results\run_20260131_004759_6831cadd
2026-01-31 01:00:06,617 - INFO - Starting quick test script
2026-01-31 01:00:06,617 - INFO - Run directory: results\run_20260131_010006_0f4158ab
2026-01-31 01:00:06,617 - INFO - Fetching auction details: https://www.k-bid.com/auction/63039
2026-01-31 01:00:08,212 - INFO -   Auction ID: 63039, Title: Mike's Auto Auction #153
2026-01-31 01:00:08,260 - INFO -   Scraping page 1: https://www.k-bid.com/auction/63039
2026-01-31 01:00:08,912 - INFO -   Found 64 potential item containers on page 1
2026-01-31 01:00:35,745 - INFO - Starting quick test script
2026-01-31 01:00:35,745 - INFO - Run directory: results\run_20260131_010035_a568fa4c
2026-01-31 01:00:35,745 - INFO - No auction URL provided. Fetching listing pages to find the first auction...
2026-01-31 01:00:35,745 - INFO - Fetching auction list pages...
2026-01-31 01:00:39,109 - INFO - Found auction listing page 1
2026-01-31 01:00:42,008 - INFO - Found auction listing page 2
2026-01-31 01:00:44,043 - INFO - Found auction listing page 3
2026-01-31 01:00:44,059 - INFO - Total listing pages: 3
2026-01-31 01:00:44,059 - INFO - Extracting auctions from: https://www.k-bid.com/auction/list
2026-01-31 01:00:45,809 - INFO -   Found 50 unique auctions
2026-01-31 01:00:45,809 - INFO - Using first discovered auction: https://www.k-bid.com/auction/63039
2026-01-31 01:00:45,809 - INFO - Fetching auction details: https://www.k-bid.com/auction/63039
2026-01-31 01:00:46,250 - INFO -   Auction ID: 63039, Title: Mike's Auto Auction #153
2026-01-31 01:00:46,250 - INFO -   Scraping page 1: https://www.k-bid.com/auction/63039
2026-01-31 01:00:46,729 - INFO -   Found 64 potential item containers on page 1
2026-01-31 01:01:11,653 - INFO -   No more pages for this auction
2026-01-31 01:01:11,653 - INFO -   Total items from auction: 16
2026-01-31 01:01:11,653 - INFO - Saving 16 items to results\run_20260131_010035_a568fa4c\full_auction_test.csv...
2026-01-31 01:01:11,653 - INFO - Data saved to results\run_20260131_010035_a568fa4c\full_auction_test.csv
2026-01-31 01:01:11,653 - INFO - Quick test complete
2026-01-31 01:01:11,653 - INFO - Output CSV: results\run_20260131_010035_a568fa4c\full_auction_test.csv
2026-01-31 01:01:11,653 - INFO - Total items saved: 16
2026-01-31 01:01:11,653 - INFO - Run directory: results\run_20260131_010035_a568fa4c
2026-01-31 01:38:38,672 - INFO - Starting multi-auction full scrape
2026-01-31 01:38:38,672 - INFO - Run directory: results\run_20260131_013838_e35dd830
2026-01-31 01:38:38,672 - INFO - Fetching auction list pages...
2026-01-31 01:38:41,468 - INFO - Found auction listing page 1
2026-01-31 01:38:43,951 - INFO - Found auction listing page 2
2026-01-31 01:38:46,360 - INFO - Found auction listing page 3
2026-01-31 01:38:46,360 - INFO - Total listing pages: 3
2026-01-31 01:38:46,360 - INFO - Extracting auctions from: https://www.k-bid.com/auction/list
2026-01-31 01:38:48,058 - INFO -   Found 50 unique auctions
2026-01-31 01:38:48,058 - INFO - Collected 5 auctions to scrape
2026-01-31 01:38:48,058 - INFO - [1/5] Scraping auction: https://www.k-bid.com/auction/63039
2026-01-31 01:38:48,058 - INFO - Fetching auction details: https://www.k-bid.com/auction/63039
2026-01-31 01:38:48,700 - INFO -   Auction ID: 63039, Title: Mike's Auto Auction #153
2026-01-31 01:38:48,700 - INFO -   Scraping page 1: https://www.k-bid.com/auction/63039
2026-01-31 01:38:49,225 - INFO -   Found 64 potential item containers on page 1
2026-01-31 01:39:12,481 - INFO -   No more pages for this auction
2026-01-31 01:39:12,481 - INFO -   Total items from auction: 16
2026-01-31 01:39:13,491 - INFO - [2/5] Scraping auction: https://www.k-bid.com/auction/62605
2026-01-31 01:39:13,491 - INFO - Fetching auction details: https://www.k-bid.com/auction/62605
2026-01-31 01:39:14,237 - INFO -   Auction ID: 62605, Title: H2 Equipment - NEBRASKA Mini Skid Steer and Attachments-----Winchs,Carports,Shop Supplies,Meat Processing & Single Trip Container ------ No Reserves
2026-01-31 01:39:14,237 - INFO -   Scraping page 1: https://www.k-bid.com/auction/62605
2026-01-31 01:39:15,070 - INFO -   Found 200 potential item containers on page 1
2026-01-31 01:40:19,496 - INFO -   Scraping page 2: https://www.k-bid.com/auction/62605?page=2
2026-01-31 01:40:20,340 - INFO -   Found 200 potential item containers on page 2
2026-01-31 01:41:25,519 - INFO -   Scraping page 3: https://www.k-bid.com/auction/62605?page=3
2026-01-31 01:41:26,104 - INFO -   Found 52 potential item containers on page 3
2026-01-31 01:41:43,668 - INFO -   No more pages for this auction
2026-01-31 01:41:43,668 - INFO -   Total items from auction: 113
2026-01-31 01:41:44,675 - INFO - [3/5] Scraping auction: https://www.k-bid.com/auction/62881
2026-01-31 01:41:44,675 - INFO - Fetching auction details: https://www.k-bid.com/auction/62881
2026-01-31 01:41:45,244 - INFO -   Auction ID: 62881, Title: Four Wheeler - HotBox - Mini Fork Hydrualic Attachment - Jacks - Log Splitter and More
2026-01-31 01:41:45,244 - INFO -   Scraping page 1: https://www.k-bid.com/auction/62881
2026-01-31 01:41:45,873 - INFO -   Found 96 potential item containers on page 1
2026-01-31 01:42:18,812 - INFO -   No more pages for this auction
2026-01-31 01:42:18,812 - INFO -   Total items from auction: 24
2026-01-31 01:42:19,815 - INFO - [4/5] Scraping auction: https://www.k-bid.com/auction/62815
2026-01-31 01:42:19,815 - INFO - Fetching auction details: https://www.k-bid.com/auction/62815
2026-01-31 01:42:20,587 - INFO -   Auction ID: 62815, Title: #542 4K UHD and HD TV's/Monitors (40"-90"), 75" NEW IN BOX SMARTBOARD, Projectors, Movie/Projection Screens, Speakers, Amplifiers, Lighting, PC's, A/V Items and more!
2026-01-31 01:42:20,587 - INFO -   Scraping page 1: https://www.k-bid.com/auction/62815
2026-01-31 01:42:21,465 - INFO -   Found 200 potential item containers on page 1
2026-01-31 01:43:28,124 - INFO -   Scraping page 2: https://www.k-bid.com/auction/62815?page=2
2026-01-31 01:43:28,953 - INFO -   Found 200 potential item containers on page 2
2026-01-31 01:44:35,213 - INFO -   Scraping page 3: https://www.k-bid.com/auction/62815?page=3
2026-01-31 01:44:35,719 - INFO -   Found 112 potential item containers on page 3
2026-01-31 01:45:11,045 - INFO -   No more pages for this auction
2026-01-31 01:45:11,045 - INFO -   Total items from auction: 128
2026-01-31 01:45:12,050 - INFO - [5/5] Scraping auction: https://www.k-bid.com/auction/63082
2026-01-31 01:45:12,051 - INFO - Fetching auction details: https://www.k-bid.com/auction/63082
2026-01-31 01:45:12,916 - INFO -   Auction ID: 63082, Title: Gold & Silver Coins | Indian Head Eagle, Silver Eagles, 10oz Bars, Morgan Dollars, Gold Nugget, and More!
2026-01-31 01:45:12,916 - INFO -   Scraping page 1: https://www.k-bid.com/auction/63082
2026-01-31 01:45:13,784 - INFO -   Found 200 potential item containers on page 1
2026-01-31 01:46:32,347 - INFO -   Scraping page 2: https://www.k-bid.com/auction/63082?page=2
2026-01-31 01:46:33,193 - INFO -   Found 200 potential item containers on page 2
2026-01-31 01:48:19,459 - INFO -   Scraping page 3: https://www.k-bid.com/auction/63082?page=3
2026-01-31 01:48:20,419 - INFO -   Found 112 potential item containers on page 3
2026-01-31 01:49:09,537 - INFO -   No more pages for this auction
2026-01-31 01:49:09,537 - INFO -   Total items from auction: 128
2026-01-31 01:49:10,553 - INFO - Saving 409 items to results\run_20260131_013838_e35dd830\test_auctions_full.csv...
2026-01-31 01:49:10,626 - INFO - Data saved to results\run_20260131_013838_e35dd830\test_auctions_full.csv
2026-01-31 01:49:10,626 - INFO - Multi-auction full scrape complete
2026-01-31 01:49:10,626 - INFO - Auctions scraped: 5
2026-01-31 01:49:10,626 - INFO - Total items scraped: 409
2026-01-31 01:49:10,626 - INFO - Output CSV: results\run_20260131_013838_e35dd830\test_auctions_full.csv
2026-01-31 01:49:10,642 - INFO - Run directory: results\run_20260131_013838_e35dd830
